// Jest Snapshot v1, https://goo.gl/fbAQLP

exports[`AlgebraPool #adaptiveFee single huge spike after day 1`] = `
Array [
  "Fee: 3000, Avg_volat: 76041 ",
  "Fee: 3000, Avg_volat: 76046 ",
  "Fee: 3000, Avg_volat: 76052 ",
  "Fee: 3000, Avg_volat: 76058 ",
  "Fee: 3000, Avg_volat: 76064 ",
  "Fee: 3000, Avg_volat: 76070 ",
  "Fee: 3000, Avg_volat: 76076 ",
  "Fee: 3000, Avg_volat: 76082 ",
  "Fee: 3000, Avg_volat: 76088 ",
  "Fee: 3000, Avg_volat: 76094 ",
  "Fee: 3000, Avg_volat: 76100 ",
  "Fee: 3000, Avg_volat: 76106 ",
  "Fee: 3000, Avg_volat: 76112 ",
  "Fee: 3000, Avg_volat: 76118 ",
  "Fee: 3000, Avg_volat: 76124 ",
  "Fee: 3000, Avg_volat: 76130 ",
  "Fee: 3000, Avg_volat: 76136 ",
  "Fee: 3000, Avg_volat: 76142 ",
  "Fee: 3000, Avg_volat: 76148 ",
  "Fee: 3000, Avg_volat: 76154 ",
  "Fee: 3000, Avg_volat: 76159 ",
  "Fee: 3000, Avg_volat: 76164 ",
  "Fee: 3000, Avg_volat: 76169 ",
  "Fee: 3000, Avg_volat: 76174 ",
  "Fee: 107, Avg_volat: 134 ",
]
`;

exports[`AlgebraPool #adaptiveFee single huge spike after initialization 1`] = `
Array [
  "Fee: 15000, Avg_volat: 15302254 ",
  "Fee: 15000, Avg_volat: 13517304 ",
  "Fee: 15000, Avg_volat: 8850605 ",
  "Fee: 15000, Avg_volat: 5991853 ",
  "Fee: 15000, Avg_volat: 4527253 ",
  "Fee: 15000, Avg_volat: 3637756 ",
  "Fee: 15000, Avg_volat: 3040325 ",
  "Fee: 15000, Avg_volat: 2611419 ",
  "Fee: 15000, Avg_volat: 2288554 ",
  "Fee: 15000, Avg_volat: 2036734 ",
  "Fee: 15000, Avg_volat: 1834834 ",
  "Fee: 15000, Avg_volat: 1669349 ",
  "Fee: 14915, Avg_volat: 1531245 ",
  "Fee: 14791, Avg_volat: 1414245 ",
  "Fee: 14550, Avg_volat: 1313854 ",
  "Fee: 14141, Avg_volat: 1226772 ",
  "Fee: 13524, Avg_volat: 1150514 ",
  "Fee: 12695, Avg_volat: 1083182 ",
  "Fee: 11693, Avg_volat: 1023295 ",
  "Fee: 10599, Avg_volat: 969683 ",
  "Fee: 9502, Avg_volat: 921409 ",
  "Fee: 8476, Avg_volat: 877714 ",
  "Fee: 7569, Avg_volat: 837975 ",
  "Fee: 6794, Avg_volat: 801678 ",
  "Fee: 5323, Avg_volat: 718096 ",
]
`;

exports[`AlgebraPool #adaptiveFee single huge step after day 1`] = `
Array [
  "Fee: 3000, Avg_volat: 61237 ",
  "Fee: 15000, Avg_volat: 2795661 ",
  "Fee: 15000, Avg_volat: 5410652 ",
  "Fee: 15000, Avg_volat: 7798124 ",
  "Fee: 15000, Avg_volat: 9968439 ",
  "Fee: 15000, Avg_volat: 11931662 ",
  "Fee: 15000, Avg_volat: 13698445 ",
  "Fee: 15000, Avg_volat: 15279150 ",
  "Fee: 15000, Avg_volat: 16684124 ",
  "Fee: 15000, Avg_volat: 17923729 ",
  "Fee: 15000, Avg_volat: 19008314 ",
  "Fee: 15000, Avg_volat: 19948237 ",
  "Fee: 15000, Avg_volat: 20753850 ",
  "Fee: 15000, Avg_volat: 21435512 ",
  "Fee: 15000, Avg_volat: 22003421 ",
  "Fee: 15000, Avg_volat: 22468098 ",
  "Fee: 15000, Avg_volat: 22839902 ",
  "Fee: 15000, Avg_volat: 23129183 ",
  "Fee: 15000, Avg_volat: 23346302 ",
  "Fee: 15000, Avg_volat: 23501607 ",
  "Fee: 15000, Avg_volat: 23605458 ",
  "Fee: 15000, Avg_volat: 23668157 ",
  "Fee: 15000, Avg_volat: 23700121 ",
  "Fee: 15000, Avg_volat: 23711710 ",
  "Fee: 15000, Avg_volat: 23652087 ",
]
`;

exports[`AlgebraPool #adaptiveFee single huge step after initialization 1`] = `
Array [
  "Fee: 15000, Avg_volat: 17182067 ",
  "Fee: 15000, Avg_volat: 22199788 ",
  "Fee: 15000, Avg_volat: 14284421 ",
  "Fee: 15000, Avg_volat: 9638529 ",
  "Fee: 15000, Avg_volat: 7271249 ",
  "Fee: 15000, Avg_volat: 5837264 ",
  "Fee: 15000, Avg_volat: 4875639 ",
  "Fee: 15000, Avg_volat: 4186010 ",
  "Fee: 15000, Avg_volat: 3667285 ",
  "Fee: 15000, Avg_volat: 3262939 ",
  "Fee: 15000, Avg_volat: 2938899 ",
  "Fee: 15000, Avg_volat: 2673403 ",
  "Fee: 15000, Avg_volat: 2451901 ",
  "Fee: 15000, Avg_volat: 2264296 ",
  "Fee: 15000, Avg_volat: 2103358 ",
  "Fee: 15000, Avg_volat: 1963780 ",
  "Fee: 15000, Avg_volat: 1841573 ",
  "Fee: 15000, Avg_volat: 1733685 ",
  "Fee: 14963, Avg_volat: 1637738 ",
  "Fee: 14928, Avg_volat: 1551854 ",
  "Fee: 14868, Avg_volat: 1474529 ",
  "Fee: 14774, Avg_volat: 1404545 ",
  "Fee: 14633, Avg_volat: 1340902 ",
  "Fee: 14432, Avg_volat: 1282777 ",
  "Fee: 13843, Avg_volat: 1185350 ",
]
`;
